// Jest Snapshot v1, https://goo.gl/fbAQLP

exports[`Pruebas en gifitem debe hacer match con el snapshot 1`] = `
<div>
  <div
    class="card"
  >
    <img
      alt="Naruto"
      src="https://naruto.jpg/"
    />
    <p>
      Naruto
    </p>
  </div>
</div>
`;
