// Jest Snapshot v1, https://goo.gl/fbAQLP

exports[`Pruebas con FirstApp Debe hacer match con el snapshot 1`] = `
<div>
  <h1
    data-testid="test-title"
  >
     
    Hola, soy Goku
     
  </h1>
  <p>
    No hay sub título
  </p>
  <p>
    No hay sub título
  </p>
  <p>
    César Ramírez
  </p>
  <p>
    César Ramírez
  </p>
</div>
`;
